machin_radio0 = {["version"] = 7, ["dimensions"] = Point( 8, 8 ), ["name"] = "machin_radio0", 
["map"] = {{["loc"] = Point( 0, 0 ), ["terrain"] = 4, },
{["loc"] = Point( 0, 1 ), ["terrain"] = 4, },
{["loc"] = Point( 0, 2 ), ["terrain"] = 4, },
{["loc"] = Point( 0, 5 ), ["terrain"] = 1, ["populated"] = 1, ["health_max"] = 4, },
{["loc"] = Point( 1, 0 ), ["terrain"] = 4, },
{["loc"] = Point( 1, 1 ), ["terrain"] = 1, ["populated"] = 1, ["health_max"] = 4, },
{["loc"] = Point( 1, 2 ), ["terrain"] = 1, ["populated"] = 1, ["health_max"] = 4, },
{["loc"] = Point( 2, 2 ), ["terrain"] = 0, ["custom"] = "machin_mission_radio_zone.png", },
{["loc"] = Point( 2, 5 ), ["terrain"] = 0, ["custom"] = "machin_mission_radio_zone.png", },
{["loc"] = Point( 2, 7 ), ["terrain"] = 1, ["populated"] = 1, ["health_max"] = 4, },
{["loc"] = Point( 3, 1 ), ["terrain"] = 1, ["populated"] = 1, ["health_max"] = 4, },
{["loc"] = Point( 3, 2 ), ["terrain"] = 0, ["custom"] = "machin_mission_radio_zone.png", },
{["loc"] = Point( 3, 4 ), ["terrain"] = 3, },
{["loc"] = Point( 3, 5 ), ["terrain"] = 0, ["custom"] = "machin_mission_radio_zone.png", },
{["loc"] = Point( 3, 7 ), ["terrain"] = 1, ["populated"] = 1, ["health_max"] = 4, },
{["loc"] = Point( 4, 1 ), ["terrain"] = 1, ["populated"] = 1, ["health_max"] = 4, },
{["loc"] = Point( 4, 2 ), ["terrain"] = 0, ["custom"] = "machin_mission_radio_zone.png", },
{["loc"] = Point( 4, 4 ), ["terrain"] = 3, },
{["loc"] = Point( 4, 5 ), ["terrain"] = 0, ["custom"] = "machin_mission_radio_zone.png", },
{["loc"] = Point( 5, 2 ), ["terrain"] = 0, ["custom"] = "machin_mission_radio_zone.png", },
{["loc"] = Point( 5, 5 ), ["terrain"] = 0, ["custom"] = "machin_mission_radio_zone.png", },
{["loc"] = Point( 5, 7 ), ["terrain"] = 4, },
{["loc"] = Point( 6, 7 ), ["terrain"] = 3, },
{["loc"] = Point( 7, 6 ), ["terrain"] = 3, },
{["loc"] = Point( 7, 7 ), ["terrain"] = 3, },
},
["spawns"] = {},
["spawn_ids"] = {},
["spawn_points"] = {},
["zones"] = {["machin_radio_goal_zone"] = {Point( 2, 2 ), Point( 3, 2 ), Point( 4, 2 ), Point( 5, 2 ), Point( 5, 5 ), Point( 4, 5 ), Point( 3, 5 ), Point( 2, 5 ), },
["machin_radio_working_zone"] = {Point( 4, 0 ), Point( 4, 7 ), },
},
["tags"] = {"machin_radio", "sand", "desert", },
["blocked_points"] = {},
["blocked_type"] = {},
}
