machin_botbuddies2 = {["version"] = 7, ["dimensions"] = Point( 8, 8 ), ["name"] = "machin_botbuddies2", 
["map"] = {{["loc"] = Point( 0, 3 ), ["terrain"] = 1, ["populated"] = 1, ["health_max"] = 4, },
{["loc"] = Point( 0, 4 ), ["terrain"] = 1, ["populated"] = 1, ["health_max"] = 4, },
{["loc"] = Point( 1, 4 ), ["terrain"] = 1, ["populated"] = 1, ["health_max"] = 4, },
{["loc"] = Point( 1, 5 ), ["terrain"] = 1, ["populated"] = 1, ["health_max"] = 4, },
{["loc"] = Point( 1, 6 ), ["terrain"] = 1, ["populated"] = 1, ["health_max"] = 4, },
{["loc"] = Point( 2, 1 ), ["terrain"] = 1, ["populated"] = 1, ["health_max"] = 4, },
{["loc"] = Point( 2, 2 ), ["terrain"] = 5, },
{["loc"] = Point( 3, 1 ), ["terrain"] = 4, },
{["loc"] = Point( 3, 2 ), ["terrain"] = 3, },
{["loc"] = Point( 3, 3 ), ["terrain"] = 5, },
{["loc"] = Point( 3, 4 ), ["terrain"] = 3, },
{["loc"] = Point( 3, 5 ), ["terrain"] = 4, },
{["loc"] = Point( 3, 6 ), ["terrain"] = 4, },
{["loc"] = Point( 4, 2 ), ["terrain"] = 4, },
{["loc"] = Point( 4, 3 ), ["terrain"] = 3, },
{["loc"] = Point( 4, 5 ), ["terrain"] = 1, ["populated"] = 1, ["health_max"] = 4, },
{["loc"] = Point( 5, 2 ), ["terrain"] = 1, ["populated"] = 1, ["health_max"] = 4, },
},
["spawns"] = {},
["spawn_ids"] = {},
["spawn_points"] = {},
["zones"] = {["Machin_bot2_zone"] = {Point( 4, 6 ), },
["Machin_bot1_zone"] = {Point( 5, 1 ), },
},
["tags"] = {"snow", "Machin_botbuddies", },
["blocked_points"] = {},
["blocked_type"] = {},
}
